// Vitest Snapshot v1, https://vitest.dev/guide/snapshot.html

exports[`Home Component > matches snapshot 1`] = `
<div>
  <div
    class="title-container"
  >
    <h1>
      Best Travel Destinations
    </h1>
    <a
      class="startbutton"
      data-discover="true"
      href="/seeall"
    >
      Get Started
    </a>
  </div>
</div>
`;
